[OK ] ajustes_funil.csv.gz: (10530, 27) · texto igual · vazios iguais · max|Δ| numérico 0.00e+00
[OK ] apostas_procedimento.csv.gz: (39616, 16) · texto igual · vazios iguais · max|Δ| numérico 0.00e+00
[OK ] auditoria_indices.csv: (15, 9) · texto igual · vazios iguais · max|Δ| numérico 0.00e+00
[OK ] comparar_regras.csv: (3600, 9) · texto igual · vazios iguais · max|Δ| numérico 0.00e+00
[OK ] conferencia_regras.csv: (8, 7) · texto igual · vazios iguais · max|Δ| numérico 0.00e+00
[OK ] distribuicao_acaso.csv: (8, 15) · texto igual · vazios iguais · max|Δ| numérico 0.00e+00
[OK ] features_por_minuto.csv: (48, 7) · texto igual · vazios iguais · max|Δ| numérico 0.00e+00
[OK ] jogos_comuns.csv.gz: (3584, 4) · texto igual · vazios iguais · max|Δ| numérico 0.00e+00
[OK ] lucro_por_jogo.csv.gz: (25422, 5) · texto igual · vazios iguais · max|Δ| numérico 0.00e+00
[OK ] mcs_reality_check.csv: (8, 10) · texto igual · vazios iguais · max|Δ| numérico 0.00e+00
[OK ] metricas_previsao_por_minuto.csv.gz: (15783, 17) · texto igual · vazios iguais · max|Δ| numérico 0.00e+00
[OK ] metricas_previsao_resumo.csv: (2481, 17) · texto igual · vazios iguais · max|Δ| numérico 0.00e+00
[OK ] mom_vs_ini.csv: (16, 13) · texto igual · vazios iguais · max|Δ| numérico 0.00e+00
[OK ] opcoes.csv: (81, 4) · texto igual · vazios iguais · max|Δ| numérico 0.00e+00
[OK ] pareado_2_vs_bloco.csv: (160, 9) · texto igual · vazios iguais · max|Δ| numérico 0.00e+00
[OK ] previsoes_funil.csv.gz: (39592, 7) · texto igual · vazios iguais · max|Δ| numérico 0.00e+00
[OK ] resumo_funil.csv: (424, 55) · texto igual · vazios iguais · max|Δ| numérico 0.00e+00
[OK ] trilhas.csv.gz: (41120, 14) · texto igual · vazios iguais · max|Δ| numérico 0.00e+00
[OK ] universo.csv.gz: (498, 1) · texto igual · vazios iguais · max|Δ| numérico 0.00e+00
19 arquivos comparados · tolerância 0 · maior |Δ| 0.00e+00
RESULTADO: TUDO OK
