OK     resumo_funil.csv: 5664 linhas × 110 colunas comuns
OK     trilhas.csv.gz: 567456 linhas × 14 colunas comuns
OK     apostas_procedimento.csv.gz: 222388 linhas × 30 colunas comuns
OK     lucro_por_jogo.csv.gz: 213668 linhas × 5 colunas comuns
OK     comparar_regras.csv: 52992 linhas × 9 colunas comuns
OK     mcs_reality_check.csv: 96 linhas × 10 colunas comuns
OK     sombra.csv: 1104 linhas × 26 colunas comuns
OK     sombra_eventos.csv.gz: 13818 linhas × 15 colunas comuns
OK     monitor_alarmes.csv: 2304 linhas × 22 colunas comuns
OK     proximas_escolhas.csv: 2208 linhas × 17 colunas comuns
OK     ensemble_minutos.csv: 552 linhas × 53 colunas comuns
OK     apostas_ensemble.csv.gz: 146525 linhas × 15 colunas comuns
OK     ev_comparacao_pareada.csv: 1536 linhas × 18 colunas comuns
OK     clv_markout.csv: 18432 linhas × 24 colunas comuns
OK     distribuicao_acaso.csv: 96 linhas × 15 colunas comuns
OK     jogos_comuns.csv.gz: 43008 linhas × 4 colunas comuns
OK     pareado_2_vs_bloco.csv: 2208 linhas × 9 colunas comuns
OK     metricas_previsao_resumo.csv: 2694 linhas × 17 colunas comuns
OK     odds_por_minuto.csv.gz: 8530 linhas × 5 colunas comuns
RESULTADO: IDÊNTICO (tudo da v5.0 igual na v5.1)
